curl ok ok
curl folded ok
curl many ok
curl duplicate ok
curl on-redirect ok
curl conflicting-expiry ok
curl bad-expires ok
curl far-future ok
curl wrong-domain ok
curl public-suffix ok
curl domain ok
curl path-prefix ok
curl name-prefixes ok
curl quoted ok
curl utf8 ok
curl nameless ok
curl huge ok
go ok ok
go folded ok
go many ok
go duplicate ok
go on-redirect ok
go conflicting-expiry ok
go bad-expires ok
go far-future ok
go wrong-domain ok
go public-suffix ok
go domain ok
go path-prefix ok
go name-prefixes ok
go quoted ok
go utf8 ok
go nameless ok
go huge ok
node ok ok
node folded ok
node many ok
node duplicate ok
node on-redirect ok
node conflicting-expiry ok
node bad-expires ok
node far-future ok
node wrong-domain ok
node public-suffix ok
node domain ok
node path-prefix ok
node name-prefixes ok
node quoted ok
node utf8 ok
node nameless ok
node huge ok
urllib ok ok
urllib folded ok
urllib many ok
urllib duplicate ok
urllib on-redirect ok
urllib conflicting-expiry ok
urllib bad-expires ok
urllib far-future ok
urllib wrong-domain ok
urllib public-suffix ok
urllib domain ok
urllib path-prefix ok
urllib name-prefixes ok
urllib quoted ok
urllib utf8 ok
urllib nameless ok
urllib huge ok
requests ok ok
requests folded ok
requests many ok
requests duplicate ok
requests on-redirect ok
requests conflicting-expiry ok
requests bad-expires ok
requests far-future ok
requests wrong-domain ok
requests public-suffix ok
requests domain ok
requests path-prefix ok
requests name-prefixes ok
requests quoted ok
requests utf8 ok
requests nameless ok
requests huge ok
httpx ok ok
httpx folded ok
httpx many ok
httpx duplicate ok
httpx on-redirect ok
httpx conflicting-expiry ok
httpx bad-expires ok
httpx far-future ok
httpx wrong-domain ok
httpx public-suffix ok
httpx domain ok
httpx path-prefix ok
httpx name-prefixes ok
httpx quoted ok
httpx utf8 raised: UnicodeEncodeError
httpx nameless ok
httpx huge ok
urllib3 ok ok
urllib3 folded ok
urllib3 many ok
urllib3 duplicate ok
urllib3 on-redirect ok
urllib3 conflicting-expiry ok
urllib3 bad-expires ok
urllib3 far-future ok
urllib3 wrong-domain ok
urllib3 public-suffix ok
urllib3 domain ok
urllib3 path-prefix ok
urllib3 name-prefixes ok
urllib3 quoted ok
urllib3 utf8 ok
urllib3 nameless ok
urllib3 huge ok
aiohttp ok ok
aiohttp folded ok
aiohttp many ok
aiohttp duplicate ok
aiohttp on-redirect ok
aiohttp conflicting-expiry ok
aiohttp bad-expires ok
aiohttp far-future ok
aiohttp wrong-domain ok
aiohttp public-suffix ok
aiohttp domain ok
aiohttp path-prefix ok
aiohttp name-prefixes ok
aiohttp quoted ok
aiohttp utf8 ok
aiohttp nameless ok
aiohttp huge ok
