curl same-origin ok
curl to-subdomain ok
curl from-subdomain ok
curl boomerang ok
curl scheme-upgrade ok
curl scheme-downgrade ok
curl port-change ok
curl relative-authority ok
curl jar ok
go same-origin ok
go to-subdomain ok
go from-subdomain ok
go boomerang ok
go scheme-upgrade ok
go scheme-downgrade ok
go port-change ok
go relative-authority ok
go jar ok
node same-origin ok
node to-subdomain ok
node from-subdomain ok
node boomerang ok
node scheme-upgrade ok
node scheme-downgrade ok
node port-change ok
node relative-authority ok
node jar ok
urllib same-origin ok
urllib to-subdomain ok
urllib from-subdomain ok
urllib boomerang ok
urllib scheme-upgrade ok
urllib scheme-downgrade ok
urllib port-change ok
urllib relative-authority ok
urllib jar ok
requests same-origin ok
requests to-subdomain ok
requests from-subdomain ok
requests boomerang ok
requests scheme-upgrade ok
requests scheme-downgrade ok
requests port-change ok
requests relative-authority ok
requests jar ok
httpx same-origin ok
httpx to-subdomain ok
httpx from-subdomain ok
httpx boomerang ok
httpx scheme-upgrade ok
httpx scheme-downgrade ok
httpx port-change ok
httpx relative-authority ok
httpx jar ok
urllib3 same-origin ok
urllib3 to-subdomain ok
urllib3 from-subdomain ok
urllib3 boomerang ok
urllib3 scheme-upgrade ok
urllib3 scheme-downgrade ok
urllib3 port-change ok
urllib3 relative-authority ok
urllib3 jar ok
aiohttp same-origin ok
aiohttp to-subdomain ok
aiohttp from-subdomain ok
aiohttp boomerang ok
aiohttp scheme-upgrade ok
aiohttp scheme-downgrade ok
aiohttp port-change ok
aiohttp relative-authority ok
aiohttp jar ok
