curl basic ok
curl bearer ok
curl digest ok
curl digest-sha256 ok
curl none ok
curl bare-scheme ok
curl unknown-scheme ok
curl token68 ok
curl multi ok
curl case ok
curl quoted ok
curl utf8 ok
curl always-401 ok
curl accept-any ok
curl forbidden ok
curl stale ok
curl proxy ok
curl redirect ok
go basic ok
go bearer ok
go digest ok
go digest-sha256 ok
go none ok
go bare-scheme ok
go unknown-scheme ok
go token68 ok
go multi ok
go case ok
go quoted ok
go utf8 ok
go always-401 ok
go accept-any ok
go forbidden ok
go stale ok
go proxy ok
go redirect ok
node basic ok
node bearer ok
node digest ok
node digest-sha256 ok
node none ok
node bare-scheme ok
node unknown-scheme ok
node token68 ok
node multi ok
node case ok
node quoted ok
node utf8 ok
node always-401 ok
node accept-any ok
node forbidden ok
node stale ok
node proxy raised: TypeError: fetch failed (cause: Error: "")
node redirect ok
urllib basic ok
urllib bearer ok
urllib digest ok
urllib digest-sha256 ok
urllib none ok
urllib bare-scheme ok
urllib unknown-scheme raised: ValueError
urllib token68 ok
urllib multi ok
urllib case ok
urllib quoted ok
urllib utf8 ok
urllib always-401 ok
urllib accept-any ok
urllib forbidden ok
urllib stale ok
urllib proxy ok
urllib redirect ok
requests basic ok
requests bearer ok
requests digest ok
requests digest-sha256 ok
requests none ok
requests bare-scheme ok
requests unknown-scheme ok
requests token68 ok
requests multi ok
requests case ok
requests quoted ok
requests utf8 ok
requests always-401 ok
requests accept-any ok
requests forbidden ok
requests stale ok
requests proxy ok
requests redirect ok
httpx basic ok
httpx bearer ok
httpx digest ok
httpx digest-sha256 ok
httpx none ok
httpx bare-scheme ok
httpx unknown-scheme ok
httpx token68 ok
httpx multi ok
httpx case ok
httpx quoted ok
httpx utf8 ok
httpx always-401 ok
httpx accept-any ok
httpx forbidden ok
httpx stale ok
httpx proxy ok
httpx redirect ok
urllib3 basic ok
urllib3 bearer ok
urllib3 digest ok
urllib3 digest-sha256 ok
urllib3 none ok
urllib3 bare-scheme ok
urllib3 unknown-scheme ok
urllib3 token68 ok
urllib3 multi ok
urllib3 case ok
urllib3 quoted ok
urllib3 utf8 ok
urllib3 always-401 ok
urllib3 accept-any ok
urllib3 forbidden ok
urllib3 stale ok
urllib3 proxy ok
urllib3 redirect ok
aiohttp basic ok
aiohttp bearer ok
aiohttp digest ok
aiohttp digest-sha256 ok
aiohttp none ok
aiohttp bare-scheme ok
aiohttp unknown-scheme ok
aiohttp token68 ok
aiohttp multi ok
aiohttp case ok
aiohttp quoted ok
aiohttp utf8 ok
aiohttp always-401 ok
aiohttp accept-any ok
aiohttp forbidden ok
aiohttp stale ok
aiohttp proxy ok
aiohttp redirect ok
